app/components/HeroSphere.tsx(22,33): error TS2322: Type '{ isReacting: boolean | undefined; }' is not assignable to type 'IntrinsicAttributes'.
  Property 'isReacting' does not exist on type 'IntrinsicAttributes'.
app/studio/contract-lab/page.tsx(227,22): error TS2322: Type 'string' is not assignable to type 'never'.
app/studio/contract-lab/page.tsx(750,9): error TS2451: Cannot redeclare block-scoped variable 'addLog'.
app/studio/contract-lab/page.tsx(755,9): error TS2451: Cannot redeclare block-scoped variable 'appendCompilerOutput'.
app/studio/contract-lab/page.tsx(774,9): error TS2451: Cannot redeclare block-scoped variable 'addLog'.
app/studio/contract-lab/page.tsx(775,9): error TS2451: Cannot redeclare block-scoped variable 'appendCompilerOutput'.
app/studio/contract-lab/page.tsx(924,7): error TS2304: Cannot find name 'login'.
app/studio/contract-lab/page.tsx(1005,33): error TS2304: Cannot find name 'logout'.
app/studio/contract-lab/page.tsx(1095,5): error TS2552: Cannot find name 'setNetwork'. Did you mean 'network'?
app/studio/contract-lab/page.tsx(1144,5): error TS2304: Cannot find name 'setActiveRightTab'.
app/studio/contract-lab/page.tsx(1157,9): error TS2322: Type 'unknown' is not assignable to type 'string | CompiledContract'.
app/studio/contract-lab/page.tsx(1158,9): error TS2322: Type 'unknown' is not assignable to type 'CairoAssembly | undefined'.
app/studio/contract-lab/page.tsx(1183,61): error TS2345: Argument of type 'unknown' is not assignable to parameter of type 'CompiledSierra'.
app/studio/contract-lab/page.tsx(1304,9): error TS2322: Type 'AbiEntry[] | undefined' is not assignable to type 'AbiEntry[]'.
  Type 'undefined' is not assignable to type 'AbiEntry[]'.
app/studio/contract-lab/page.tsx(1906,27): error TS2304: Cannot find name 'setActiveRightTab'.
app/studio/contract-lab/page.tsx(2190,19): error TS2322: Type 'RpcProvider | undefined' is not assignable to type 'ProviderInterface | null'.
  Type 'undefined' is not assignable to type 'ProviderInterface | null'.
app/studio/contract-lab/page.tsx(2582,110): error TS2339: Property 'length' does not exist on type '{}'.
app/studio/contract-lab/page.tsx(2799,17): error TS2322: Type '{ authenticated: boolean; isConnecting: boolean; walletError: string | null; onPrivyConnect: () => Promise<void>; onExtensionConnect: () => Promise<void>; onClose: () => void; networkLabel: string; }' is not assignable to type 'IntrinsicAttributes & { isConnecting: boolean; walletError: string | null; onPrivyConnect: () => void; onExtensionConnect: () => void; onClose: () => void; networkLabel: string; }'.
  Property 'authenticated' does not exist on type 'IntrinsicAttributes & { isConnecting: boolean; walletError: string | null; onPrivyConnect: () => void; onExtensionConnect: () => void; onClose: () => void; networkLabel: string; }'.
app/studio/contract-lab/page.tsx(2916,64): error TS2304: Cannot find name 'LucideIcon'.
app/studio/contract-lab/page.tsx(2938,9): error TS2304: Cannot find name 'LucideIcon'.
app/studio/contract-lab/page.tsx(3083,3): error TS2339: Property 'contractAddress' does not exist on type '{ abi: AbiEntry[]; account: Account | WalletAccount | null; addLog: (msg: string) => void; provider: ProviderInterface | null; ... 5 more ...; activeFileName?: string | undefined; }'.
app/studio/contract-lab/page.tsx(3272,35): error TS18047: 'provider' is possibly 'null'.
app/studio/contract-lab/page.tsx(3277,13): error TS2322: Type '{ type: string; }[]' is not assignable to type '{ name: string; type: string; }[]'.
  Property 'name' is missing in type '{ type: string; }' but required in type '{ name: string; type: string; }'.
app/studio/contract-lab/page.tsx(3654,108): error TS2339: Property 'deployedAt' does not exist on type 'ContractHistoryItem'.
app/studio/playground/page.tsx(267,52): error TS2322: Type '`0x${string}`' is not assignable to type 'Address'.
  Type '`0x${string}`' is not assignable to type '{ readonly __type: "StarknetAddress"; }'.
lib/prisma.ts(1,10): error TS2305: Module '"@prisma/client"' has no exported member 'PrismaClient'.
